<?xml version="1.0" encoding="UTF-8"?>
<TestRun id="2e56229e-3684-4405-844c-52ed9be65c1f" name="Omar@OMAR-PC 2013-01-18 18:38:40" runUser="Omar-PC\Omar" xmlns="http://microsoft.com/schemas/VisualStudio/TeamTest/2010">
  <TestSettings name="IntegrationTests" id="85f80678-5acf-4267-a4f8-e5bf47bd5e87">
    <Description>This test run configuration uses the VS IDE host type in the test run.</Description>
    <Deployment enabled="false" runDeploymentRoot="Omar_OMAR-PC 2013-01-18 18_38_40">
      <DeploymentItem filename="D:\Git\MissingSectionsFinder\MissingSectionsFinder\Services.Implementation\bin\Debug\Services.Implementation.dll" />
      <DeploymentItem filename="D:\Git\MissingSectionsFinder\MissingSectionsFinder\Services.Contracts\bin\Debug\Services.Contracts.dll" />
      <DeploymentItem filename="D:\Git\MissingSectionsFinder\MissingSectionsFinder\Entities\bin\Debug\Entities.dll" />
    </Deployment>
    <Execution>
      <Hosts>
        <VSSDKTestHostRunConfig name="VS IDE" HiveKind="DevEnv" HiveName="10.0Exp" xmlns="http://microsoft.com/schemas/VisualStudio/SDK/Tools/IdeHostAdapter/2006/06" />
      </Hosts>
      <TestTypeSpecific />
      <AgentRule name="Execution Agents">
      </AgentRule>
    </Execution>
  </TestSettings>
  <Times creation="2013-01-18T18:38:40.9085557+02:00" queuing="2013-01-18T18:38:40.9945606+02:00" start="2013-01-18T18:38:41.1315684+02:00" finish="2013-01-18T18:38:41.5015896+02:00" />
  <ResultSummary outcome="Completed">
    <Counters total="4" executed="4" passed="4" error="0" failed="0" timeout="0" aborted="0" inconclusive="0" passedButRunAborted="0" notRunnable="0" notExecuted="0" disconnected="0" warning="0" completed="0" inProgress="0" pending="0" />
  </ResultSummary>
  <TestDefinitions>
    <UnitTest name="GetSectionsInLayoutTest" storage="d:\git\missingsectionsfinder\missingsectionsfinder\unittests\bin\debug\unittests.dll" id="cb3fd21d-5225-255d-e68c-aa7383253cbb">
      <Execution id="4df06fc1-0b37-4fe0-8dc0-ca7b8acdb667" />
      <TestMethod codeBase="D:/Git/MissingSectionsFinder/MissingSectionsFinder/UnitTests/bin/Debug/UnitTests.DLL" adapterTypeName="Microsoft.VisualStudio.TestTools.TestTypes.Unit.UnitTestAdapter, Microsoft.VisualStudio.QualityTools.Tips.UnitTest.Adapter, Version=10.0.0.0, Culture=neutral, PublicKeyToken=b03f5f7f11d50a3a" className="UnitTests.RegexServiceTest, UnitTests, Version=1.0.0.0, Culture=neutral, PublicKeyToken=null" name="GetSectionsInLayoutTest" />
    </UnitTest>
    <UnitTest name="GetSectionsInPageTest" storage="d:\git\missingsectionsfinder\missingsectionsfinder\unittests\bin\debug\unittests.dll" id="cd73caf9-f761-9833-4386-7cc9434f64d8">
      <Execution id="d2150f34-b0db-4228-89c8-16f649cbe1ab" />
      <TestMethod codeBase="D:/Git/MissingSectionsFinder/MissingSectionsFinder/UnitTests/bin/Debug/UnitTests.DLL" adapterTypeName="Microsoft.VisualStudio.TestTools.TestTypes.Unit.UnitTestAdapter, Microsoft.VisualStudio.QualityTools.Tips.UnitTest.Adapter, Version=10.0.0.0, Culture=neutral, PublicKeyToken=b03f5f7f11d50a3a" className="UnitTests.RegexServiceTest, UnitTests, Version=1.0.0.0, Culture=neutral, PublicKeyToken=null" name="GetSectionsInPageTest" />
    </UnitTest>
    <UnitTest name="GetLayoutPageName_MVCLayout" storage="d:\git\missingsectionsfinder\missingsectionsfinder\unittests\bin\debug\unittests.dll" id="a0616a27-9b42-d56c-e59d-4d22510a02e0">
      <Execution id="dc6c8408-431a-4de7-aa6a-a2198a85738a" />
      <TestMethod codeBase="D:/Git/MissingSectionsFinder/MissingSectionsFinder/UnitTests/bin/Debug/UnitTests.DLL" adapterTypeName="Microsoft.VisualStudio.TestTools.TestTypes.Unit.UnitTestAdapter, Microsoft.VisualStudio.QualityTools.Tips.UnitTest.Adapter, Version=10.0.0.0, Culture=neutral, PublicKeyToken=b03f5f7f11d50a3a" className="UnitTests.RegexServiceTest, UnitTests, Version=1.0.0.0, Culture=neutral, PublicKeyToken=null" name="GetLayoutPageName_MVCLayout" />
    </UnitTest>
    <UnitTest name="GetLayoutPageName_HardCodedLayout" storage="d:\git\missingsectionsfinder\missingsectionsfinder\unittests\bin\debug\unittests.dll" id="29a9ac31-6a06-9c71-4972-30590bdf2a7b">
      <Execution id="67fcfa57-b40c-490f-8a75-4cdc2b95f6ae" />
      <TestMethod codeBase="D:/Git/MissingSectionsFinder/MissingSectionsFinder/UnitTests/bin/Debug/UnitTests.DLL" adapterTypeName="Microsoft.VisualStudio.TestTools.TestTypes.Unit.UnitTestAdapter, Microsoft.VisualStudio.QualityTools.Tips.UnitTest.Adapter, Version=10.0.0.0, Culture=neutral, PublicKeyToken=b03f5f7f11d50a3a" className="UnitTests.RegexServiceTest, UnitTests, Version=1.0.0.0, Culture=neutral, PublicKeyToken=null" name="GetLayoutPageName_HardCodedLayout" />
    </UnitTest>
  </TestDefinitions>
  <TestLists>
    <TestList name="Results Not in a List" id="8c84fa94-04c1-424b-9868-57a2d4851a1d" />
    <TestList name="All Loaded Results" id="19431567-8539-422a-85d7-44ee4e166bda" />
  </TestLists>
  <TestEntries>
    <TestEntry testId="29a9ac31-6a06-9c71-4972-30590bdf2a7b" executionId="67fcfa57-b40c-490f-8a75-4cdc2b95f6ae" testListId="8c84fa94-04c1-424b-9868-57a2d4851a1d" />
    <TestEntry testId="a0616a27-9b42-d56c-e59d-4d22510a02e0" executionId="dc6c8408-431a-4de7-aa6a-a2198a85738a" testListId="8c84fa94-04c1-424b-9868-57a2d4851a1d" />
    <TestEntry testId="cb3fd21d-5225-255d-e68c-aa7383253cbb" executionId="4df06fc1-0b37-4fe0-8dc0-ca7b8acdb667" testListId="8c84fa94-04c1-424b-9868-57a2d4851a1d" />
    <TestEntry testId="cd73caf9-f761-9833-4386-7cc9434f64d8" executionId="d2150f34-b0db-4228-89c8-16f649cbe1ab" testListId="8c84fa94-04c1-424b-9868-57a2d4851a1d" />
  </TestEntries>
  <Results>
    <UnitTestResult executionId="67fcfa57-b40c-490f-8a75-4cdc2b95f6ae" testId="29a9ac31-6a06-9c71-4972-30590bdf2a7b" testName="GetLayoutPageName_HardCodedLayout" computerName="OMAR-PC" duration="00:00:00.0324990" startTime="2013-01-18T18:38:41.1675705+02:00" endTime="2013-01-18T18:38:41.4605873+02:00" testType="13cdc9d9-ddb5-4fa4-a97d-d965ccfc6d4b" outcome="Passed" testListId="8c84fa94-04c1-424b-9868-57a2d4851a1d" relativeResultsDirectory="67fcfa57-b40c-490f-8a75-4cdc2b95f6ae">
    </UnitTestResult>
    <UnitTestResult executionId="dc6c8408-431a-4de7-aa6a-a2198a85738a" testId="a0616a27-9b42-d56c-e59d-4d22510a02e0" testName="GetLayoutPageName_MVCLayout" computerName="OMAR-PC" duration="00:00:00.0007079" startTime="2013-01-18T18:38:41.4625874+02:00" endTime="2013-01-18T18:38:41.4675877+02:00" testType="13cdc9d9-ddb5-4fa4-a97d-d965ccfc6d4b" outcome="Passed" testListId="8c84fa94-04c1-424b-9868-57a2d4851a1d" relativeResultsDirectory="dc6c8408-431a-4de7-aa6a-a2198a85738a">
    </UnitTestResult>
    <UnitTestResult executionId="4df06fc1-0b37-4fe0-8dc0-ca7b8acdb667" testId="cb3fd21d-5225-255d-e68c-aa7383253cbb" testName="GetSectionsInLayoutTest" computerName="OMAR-PC" duration="00:00:00.0039596" startTime="2013-01-18T18:38:41.4695878+02:00" endTime="2013-01-18T18:38:41.4775882+02:00" testType="13cdc9d9-ddb5-4fa4-a97d-d965ccfc6d4b" outcome="Passed" testListId="8c84fa94-04c1-424b-9868-57a2d4851a1d" relativeResultsDirectory="4df06fc1-0b37-4fe0-8dc0-ca7b8acdb667">
    </UnitTestResult>
    <UnitTestResult executionId="d2150f34-b0db-4228-89c8-16f649cbe1ab" testId="cd73caf9-f761-9833-4386-7cc9434f64d8" testName="GetSectionsInPageTest" computerName="OMAR-PC" duration="00:00:00.0012776" startTime="2013-01-18T18:38:41.4795883+02:00" endTime="2013-01-18T18:38:41.4855887+02:00" testType="13cdc9d9-ddb5-4fa4-a97d-d965ccfc6d4b" outcome="Passed" testListId="8c84fa94-04c1-424b-9868-57a2d4851a1d" relativeResultsDirectory="d2150f34-b0db-4228-89c8-16f649cbe1ab">
    </UnitTestResult>
  </Results>
</TestRun>